steps:
  - name: 'node:10'
    entrypoint: yarn
    id: yarn-common
    args:
      - install
  - name: 'node:10'
    dir: scripts
    id: test-generate-cloudbuild
    entrypoint: yarn
    args:
      - test-generate-cloudbuild
    waitFor:
      - yarn-common
  - name: 'node:10'
    id: test-run-flaky
    entrypoint: yarn
    args:
      - test-run-flaky
    waitFor:
      - yarn-common
  - name: 'node:10'
    dir: tfjs-core
    id: yarn-tfjs-core
    entrypoint: yarn
    args:
      - install
    waitFor:
      - yarn-common
  - name: 'node:10'
    dir: tfjs-core
    id: build-tfjs-core
    entrypoint: yarn
    args:
      - build-ci
    waitFor:
      - yarn-tfjs-core
      - yarn-common
  - name: 'node:10'
    dir: tfjs-core
    id: build-cpu-backend-tfjs-core
    entrypoint: yarn
    args:
      - build-cpu-backend-ci
    waitFor:
      - build-tfjs-core
      - yarn-common
  - name: 'node:10'
    dir: tfjs-core
    id: lint-tfjs-core
    entrypoint: yarn
    args:
      - lint
    waitFor:
      - yarn-tfjs-core
      - build-cpu-backend-tfjs-core
      - yarn-common
  - name: 'node:10'
    dir: tfjs-backend-cpu
    id: yarn-tfjs-backend-cpu
    entrypoint: yarn
    args:
      - install
    waitFor:
      - yarn-common
      - yarn-tfjs-core
      - build-tfjs-core
      - build-cpu-backend-tfjs-core
      - lint-tfjs-core
  - name: 'node:10'
    dir: tfjs-backend-cpu
    id: build-tfjs-backend-cpu
    entrypoint: yarn
    args:
      - build-ci
    waitFor:
      - yarn-tfjs-backend-cpu
      - yarn-common
      - yarn-tfjs-core
      - build-tfjs-core
      - build-cpu-backend-tfjs-core
      - lint-tfjs-core
  - name: 'node:10'
    dir: tfjs-backend-cpu
    id: lint-tfjs-backend-cpu
    entrypoint: yarn
    args:
      - lint
    waitFor:
      - yarn-tfjs-backend-cpu
      - yarn-common
      - yarn-tfjs-core
      - build-tfjs-core
      - build-cpu-backend-tfjs-core
      - lint-tfjs-core
  - name: 'node:10'
    dir: tfjs-converter
    entrypoint: yarn
    id: yarn-tfjs-converter
    args:
      - install
    waitFor:
      - yarn-common
      - yarn-tfjs-core
      - build-tfjs-core
      - build-cpu-backend-tfjs-core
      - lint-tfjs-core
      - yarn-tfjs-backend-cpu
      - build-tfjs-backend-cpu
      - lint-tfjs-backend-cpu
  - name: 'node:10'
    dir: tfjs-converter
    entrypoint: yarn
    id: build-tfjs-converter
    args:
      - build-ci
    waitFor:
      - yarn-tfjs-converter
      - yarn-common
      - yarn-tfjs-core
      - build-tfjs-core
      - build-cpu-backend-tfjs-core
      - lint-tfjs-core
      - yarn-tfjs-backend-cpu
      - build-tfjs-backend-cpu
      - lint-tfjs-backend-cpu
  - name: 'node:10'
    dir: tfjs-converter
    entrypoint: yarn
    id: lint-tfjs-converter
    args:
      - lint
    waitFor:
      - yarn-tfjs-converter
      - yarn-common
      - yarn-tfjs-core
      - build-tfjs-core
      - build-cpu-backend-tfjs-core
      - lint-tfjs-core
      - yarn-tfjs-backend-cpu
      - build-tfjs-backend-cpu
      - lint-tfjs-backend-cpu
  - name: 'node:10'
    dir: tfjs-backend-wasm
    entrypoint: yarn
    id: yarn-tfjs-backend-wasm
    args:
      - install
    waitFor:
      - yarn-common
      - yarn-tfjs-core
      - build-tfjs-core
      - build-cpu-backend-tfjs-core
      - lint-tfjs-core
      - yarn-tfjs-backend-cpu
      - build-tfjs-backend-cpu
      - lint-tfjs-backend-cpu
  - name: gcr.io/learnjs-174218/wasm
    dir: tfjs-backend-wasm
    entrypoint: bash
    id: build-tfjs-backend-wasm
    args:
      - ./scripts/build-ci.sh
    waitFor:
      - yarn-tfjs-backend-wasm
      - yarn-common
      - yarn-tfjs-core
      - build-tfjs-core
      - build-cpu-backend-tfjs-core
      - lint-tfjs-core
      - yarn-tfjs-backend-cpu
      - build-tfjs-backend-cpu
      - lint-tfjs-backend-cpu
  - name: 'node:10'
    dir: tfjs-backend-wasm
    entrypoint: yarn
    id: lint-tfjs-backend-wasm
    args:
      - lint
    waitFor:
      - yarn-tfjs-backend-wasm
      - yarn-common
      - yarn-tfjs-core
      - build-tfjs-core
      - build-cpu-backend-tfjs-core
      - lint-tfjs-core
      - yarn-tfjs-backend-cpu
      - build-tfjs-backend-cpu
      - lint-tfjs-backend-cpu
  - name: 'node:10'
    dir: tfjs-backend-wasm
    id: buildifier-tfjs-backend-wasm
    entrypoint: yarn
    args:
      - buildifier-ci
    waitFor:
      - yarn-tfjs-backend-wasm
      - yarn-common
      - yarn-tfjs-core
      - build-tfjs-core
      - build-cpu-backend-tfjs-core
      - lint-tfjs-core
      - yarn-tfjs-backend-cpu
      - build-tfjs-backend-cpu
      - lint-tfjs-backend-cpu
  - name: 'node:10'
    dir: tfjs-backend-webgl
    id: yarn-tfjs-backend-webgl
    entrypoint: yarn
    args:
      - install
    waitFor:
      - yarn-common
      - yarn-tfjs-core
      - build-tfjs-core
      - build-cpu-backend-tfjs-core
      - lint-tfjs-core
      - yarn-tfjs-backend-cpu
      - build-tfjs-backend-cpu
      - lint-tfjs-backend-cpu
  - name: 'node:10'
    dir: tfjs-backend-webgl
    id: build-tfjs-backend-webgl
    entrypoint: yarn
    args:
      - build-ci
    waitFor:
      - yarn-tfjs-backend-webgl
      - yarn-common
      - yarn-tfjs-core
      - build-tfjs-core
      - build-cpu-backend-tfjs-core
      - lint-tfjs-core
      - yarn-tfjs-backend-cpu
      - build-tfjs-backend-cpu
      - lint-tfjs-backend-cpu
  - name: 'node:10'
    dir: tfjs-backend-webgl
    id: lint-tfjs-backend-webgl
    entrypoint: yarn
    args:
      - lint
    waitFor:
      - yarn-tfjs-backend-webgl
      - yarn-common
      - yarn-tfjs-core
      - build-tfjs-core
      - build-cpu-backend-tfjs-core
      - lint-tfjs-core
      - yarn-tfjs-backend-cpu
      - build-tfjs-backend-cpu
      - lint-tfjs-backend-cpu
  - name: 'node:10'
    dir: tfjs-layers
    entrypoint: yarn
    id: yarn-tfjs-layers
    args:
      - install
    waitFor:
      - yarn-common
      - yarn-tfjs-core
      - build-tfjs-core
      - build-cpu-backend-tfjs-core
      - lint-tfjs-core
      - yarn-tfjs-backend-cpu
      - build-tfjs-backend-cpu
      - lint-tfjs-backend-cpu
      - yarn-tfjs-backend-webgl
      - build-tfjs-backend-webgl
      - lint-tfjs-backend-webgl
  - name: 'node:10'
    dir: tfjs-layers
    entrypoint: yarn
    id: build-tfjs-layers
    args:
      - build-ci
    waitFor:
      - yarn-tfjs-layers
      - yarn-common
      - yarn-tfjs-core
      - build-tfjs-core
      - build-cpu-backend-tfjs-core
      - lint-tfjs-core
      - yarn-tfjs-backend-cpu
      - build-tfjs-backend-cpu
      - lint-tfjs-backend-cpu
      - yarn-tfjs-backend-webgl
      - build-tfjs-backend-webgl
      - lint-tfjs-backend-webgl
  - name: 'node:10'
    dir: tfjs-layers
    entrypoint: yarn
    id: lint-tfjs-layers
    args:
      - lint
    waitFor:
      - yarn-tfjs-layers
      - yarn-common
      - yarn-tfjs-core
      - build-tfjs-core
      - build-cpu-backend-tfjs-core
      - lint-tfjs-core
      - yarn-tfjs-backend-cpu
      - build-tfjs-backend-cpu
      - lint-tfjs-backend-cpu
      - yarn-tfjs-backend-webgl
      - build-tfjs-backend-webgl
      - lint-tfjs-backend-webgl
  - name: 'node:10'
    dir: tfjs-data
    entrypoint: yarn
    id: yarn-tfjs-data
    args:
      - install
    waitFor:
      - yarn-common
      - yarn-tfjs-backend-cpu
      - build-tfjs-backend-cpu
      - lint-tfjs-backend-cpu
      - yarn-tfjs-core
      - build-tfjs-core
      - build-cpu-backend-tfjs-core
      - lint-tfjs-core
      - yarn-tfjs-layers
      - build-tfjs-layers
      - lint-tfjs-layers
  - name: 'node:10'
    dir: tfjs-data
    entrypoint: yarn
    id: build-tfjs-data
    args:
      - build-ci
    waitFor:
      - yarn-tfjs-data
      - yarn-common
      - yarn-tfjs-backend-cpu
      - build-tfjs-backend-cpu
      - lint-tfjs-backend-cpu
      - yarn-tfjs-core
      - build-tfjs-core
      - build-cpu-backend-tfjs-core
      - lint-tfjs-core
      - yarn-tfjs-layers
      - build-tfjs-layers
      - lint-tfjs-layers
  - name: 'node:10'
    dir: tfjs-data
    entrypoint: yarn
    id: lint-tfjs-data
    args:
      - lint
    waitFor:
      - yarn-tfjs-data
      - yarn-common
      - yarn-tfjs-backend-cpu
      - build-tfjs-backend-cpu
      - lint-tfjs-backend-cpu
      - yarn-tfjs-core
      - build-tfjs-core
      - build-cpu-backend-tfjs-core
      - lint-tfjs-core
      - yarn-tfjs-layers
      - build-tfjs-layers
      - lint-tfjs-layers
  - name: 'node:10'
    dir: tfjs
    entrypoint: yarn
    id: yarn-tfjs
    args:
      - install
    waitFor:
      - yarn-common
      - yarn-tfjs-core
      - build-tfjs-core
      - build-cpu-backend-tfjs-core
      - lint-tfjs-core
      - yarn-tfjs-converter
      - build-tfjs-converter
      - lint-tfjs-converter
      - yarn-tfjs-layers
      - build-tfjs-layers
      - lint-tfjs-layers
      - yarn-tfjs-data
      - build-tfjs-data
      - lint-tfjs-data
      - yarn-tfjs-backend-cpu
      - build-tfjs-backend-cpu
      - lint-tfjs-backend-cpu
      - yarn-tfjs-backend-webgl
      - build-tfjs-backend-webgl
      - lint-tfjs-backend-webgl
  - name: 'node:10'
    dir: tfjs
    entrypoint: yarn
    id: build-tfjs
    args:
      - build-ci
    waitFor:
      - yarn-tfjs
      - yarn-common
      - yarn-tfjs-core
      - build-tfjs-core
      - build-cpu-backend-tfjs-core
      - lint-tfjs-core
      - yarn-tfjs-converter
      - build-tfjs-converter
      - lint-tfjs-converter
      - yarn-tfjs-layers
      - build-tfjs-layers
      - lint-tfjs-layers
      - yarn-tfjs-data
      - build-tfjs-data
      - lint-tfjs-data
      - yarn-tfjs-backend-cpu
      - build-tfjs-backend-cpu
      - lint-tfjs-backend-cpu
      - yarn-tfjs-backend-webgl
      - build-tfjs-backend-webgl
      - lint-tfjs-backend-webgl
  - name: 'node:10'
    dir: tfjs
    entrypoint: yarn
    id: lint-tfjs
    args:
      - lint
    waitFor:
      - yarn-tfjs
      - yarn-common
      - yarn-tfjs-core
      - build-tfjs-core
      - build-cpu-backend-tfjs-core
      - lint-tfjs-core
      - yarn-tfjs-converter
      - build-tfjs-converter
      - lint-tfjs-converter
      - yarn-tfjs-layers
      - build-tfjs-layers
      - lint-tfjs-layers
      - yarn-tfjs-data
      - build-tfjs-data
      - lint-tfjs-data
      - yarn-tfjs-backend-cpu
      - build-tfjs-backend-cpu
      - lint-tfjs-backend-cpu
      - yarn-tfjs-backend-webgl
      - build-tfjs-backend-webgl
      - lint-tfjs-backend-webgl
  - name: 'node:12'
    dir: tfjs-node
    entrypoint: yarn
    id: yarn-tfjs-node
    args:
      - install
    waitFor:
      - yarn-common
      - yarn-tfjs
      - build-tfjs
      - lint-tfjs
  - name: 'node:12'
    dir: tfjs-node
    entrypoint: yarn
    id: build-addon-tfjs-node
    args:
      - build-addon-from-source
    waitFor:
      - yarn-tfjs-node
      - yarn-common
      - yarn-tfjs
      - build-tfjs
      - lint-tfjs
  - name: 'node:12'
    dir: tfjs-node
    entrypoint: yarn
    id: build-tfjs-node
    args:
      - build-ci
    waitFor:
      - yarn-tfjs-node
      - yarn-common
      - yarn-tfjs
      - build-tfjs
      - lint-tfjs
  - name: 'node:12'
    dir: tfjs-node
    entrypoint: yarn
    id: lint-tfjs-node
    args:
      - lint
    waitFor:
      - yarn-tfjs-node
      - yarn-common
      - yarn-tfjs
      - build-tfjs
      - lint-tfjs
  - name: 'node:12'
    dir: tfjs-node
    entrypoint: yarn
    id: test-tfjs-node
    args:
      - test-ci
    waitFor:
      - yarn-tfjs-node
      - lint-tfjs-node
      - yarn-common
      - yarn-tfjs
      - build-tfjs
      - lint-tfjs
  - name: 'node:12'
    dir: tfjs-node
    entrypoint: yarn
    id: ensure-cpu-gpu-packages-align-tfjs-node
    args:
      - ensure-cpu-gpu-packages-align
    waitFor:
      - yarn-common
      - yarn-tfjs
      - build-tfjs
      - lint-tfjs
  - name: gcr.io/learnjs-174218/release
    dir: e2e
    entrypoint: yarn
    id: yarn-e2e
    args:
      - install
    waitFor:
      - yarn-common
      - yarn-tfjs
      - build-tfjs
      - lint-tfjs
      - yarn-tfjs-backend-cpu
      - build-tfjs-backend-cpu
      - lint-tfjs-backend-cpu
      - yarn-tfjs-backend-webgl
      - build-tfjs-backend-webgl
      - lint-tfjs-backend-webgl
      - yarn-tfjs-converter
      - build-tfjs-converter
      - lint-tfjs-converter
      - yarn-tfjs-core
      - build-tfjs-core
      - build-cpu-backend-tfjs-core
      - lint-tfjs-core
      - yarn-tfjs-data
      - build-tfjs-data
      - lint-tfjs-data
      - yarn-tfjs-layers
      - build-tfjs-layers
      - lint-tfjs-layers
      - yarn-tfjs-node
      - build-addon-tfjs-node
      - build-tfjs-node
      - lint-tfjs-node
      - ensure-cpu-gpu-packages-align-tfjs-node
      - yarn-tfjs-backend-wasm
      - build-tfjs-backend-wasm
      - lint-tfjs-backend-wasm
      - buildifier-tfjs-backend-wasm
  - name: gcr.io/learnjs-174218/release
    dir: e2e
    entrypoint: yarn
    id: build-node-e2e
    args:
      - build-node-ci
    env:
      - NIGHTLY=$_NIGHTLY
    waitFor:
      - yarn-common
      - yarn-tfjs
      - build-tfjs
      - lint-tfjs
      - yarn-tfjs-backend-cpu
      - build-tfjs-backend-cpu
      - lint-tfjs-backend-cpu
      - yarn-tfjs-backend-webgl
      - build-tfjs-backend-webgl
      - lint-tfjs-backend-webgl
      - yarn-tfjs-converter
      - build-tfjs-converter
      - lint-tfjs-converter
      - yarn-tfjs-core
      - build-tfjs-core
      - build-cpu-backend-tfjs-core
      - lint-tfjs-core
      - yarn-tfjs-data
      - build-tfjs-data
      - lint-tfjs-data
      - yarn-tfjs-layers
      - build-tfjs-layers
      - lint-tfjs-layers
      - yarn-tfjs-node
      - build-addon-tfjs-node
      - build-tfjs-node
      - lint-tfjs-node
      - ensure-cpu-gpu-packages-align-tfjs-node
      - yarn-tfjs-backend-wasm
      - build-tfjs-backend-wasm
      - lint-tfjs-backend-wasm
      - buildifier-tfjs-backend-wasm
  - name: gcr.io/learnjs-174218/release
    dir: e2e
    entrypoint: yarn
    id: test-e2e
    args:
      - test-ci
    env:
      - BROWSERSTACK_USERNAME=deeplearnjs1
      - NIGHTLY=$_NIGHTLY
    secretEnv:
      - BROWSERSTACK_KEY
    waitFor:
      - yarn-e2e
      - yarn-common
      - yarn-tfjs
      - build-tfjs
      - lint-tfjs
      - yarn-tfjs-backend-cpu
      - build-tfjs-backend-cpu
      - lint-tfjs-backend-cpu
      - yarn-tfjs-backend-webgl
      - build-tfjs-backend-webgl
      - lint-tfjs-backend-webgl
      - yarn-tfjs-converter
      - build-tfjs-converter
      - lint-tfjs-converter
      - yarn-tfjs-core
      - build-tfjs-core
      - build-cpu-backend-tfjs-core
      - lint-tfjs-core
      - yarn-tfjs-data
      - build-tfjs-data
      - lint-tfjs-data
      - yarn-tfjs-layers
      - build-tfjs-layers
      - lint-tfjs-layers
      - yarn-tfjs-node
      - build-addon-tfjs-node
      - build-tfjs-node
      - lint-tfjs-node
      - ensure-cpu-gpu-packages-align-tfjs-node
      - yarn-tfjs-backend-wasm
      - build-tfjs-backend-wasm
      - lint-tfjs-backend-wasm
      - buildifier-tfjs-backend-wasm
secrets:
  - kmsKeyName: projects/learnjs-174218/locations/global/keyRings/tfjs/cryptoKeys/enc
    secretEnv:
      BROWSERSTACK_KEY: >-
        CiQAkwyoIW0LcnxymzotLwaH4udVTQFBEN4AEA5CA+a3+yflL2ASPQAD8BdZnGARf78MhH5T9rQqyz9HNODwVjVIj64CTkFlUCGrP1B2HX9LXHWHLmtKutEGTeFFX9XhuBzNExA=
timeout: 3600s
logsBucket: 'gs://tfjs-build-logs'
substitutions:
  _NIGHTLY: ''
options:
  logStreamingOption: STREAM_ON
  machineType: N1_HIGHCPU_32
  substitution_option: ALLOW_LOOSE
